<?xml version="1.0" encoding="utf-8" ?>
<results>
	<result idSite="1">
		<result date="2009-12-28,2010-01-03">
			<row>
				<label>/index.htm</label>
				<nb_visits>1</nb_visits>
				<nb_hits>1</nb_hits>
				<sum_time_spent>0</sum_time_spent>
				<nb_hits_with_time_generation>1</nb_hits_with_time_generation>
				<min_time_generation>0.123</min_time_generation>
				<max_time_generation>0.123</max_time_generation>
				<nb_hits_with_time_latency>1</nb_hits_with_time_latency>
				<min_time_latency>0.2280</min_time_latency>
				<max_time_latency>0.2280</max_time_latency>
				<nb_hits_with_time_transfer>1</nb_hits_with_time_transfer>
				<min_time_transfer>0.3350</min_time_transfer>
				<max_time_transfer>0.3350</max_time_transfer>
				<nb_hits_with_time_dom_processing>1</nb_hits_with_time_dom_processing>
				<min_time_dom_processing>1.0150</min_time_dom_processing>
				<max_time_dom_processing>1.0150</max_time_dom_processing>
				<nb_hits_with_time_dom_completion>1</nb_hits_with_time_dom_completion>
				<min_time_dom_completion>0.2090</min_time_dom_completion>
				<max_time_dom_completion>0.2090</max_time_dom_completion>
				<nb_hits_with_time_on_load>1</nb_hits_with_time_on_load>
				<min_time_on_load>0.3010</min_time_on_load>
				<max_time_on_load>0.3010</max_time_on_load>
				<sum_bandwidth>0</sum_bandwidth>
				<nb_hits_with_bandwidth>0</nb_hits_with_bandwidth>
				<min_bandwidth />
				<max_bandwidth />
				<entry_nb_visits>1</entry_nb_visits>
				<entry_nb_actions>1</entry_nb_actions>
				<entry_sum_visit_length>0</entry_sum_visit_length>
				<entry_bounce_count>1</entry_bounce_count>
				<exit_nb_visits>1</exit_nb_visits>
				<sum_daily_nb_uniq_visitors>1</sum_daily_nb_uniq_visitors>
				<sum_daily_entry_nb_uniq_visitors>1</sum_daily_entry_nb_uniq_visitors>
				<sum_daily_exit_nb_uniq_visitors>1</sum_daily_exit_nb_uniq_visitors>
				<avg_bandwidth>0</avg_bandwidth>
				<avg_time_latency>0.228</avg_time_latency>
				<avg_time_transfer>0.335</avg_time_transfer>
				<avg_time_dom_processing>1.015</avg_time_dom_processing>
				<avg_time_dom_completion>0.209</avg_time_dom_completion>
				<avg_time_on_load>0.301</avg_time_on_load>
				<avg_page_load_time>2.088</avg_page_load_time>
				<avg_time_on_page>0</avg_time_on_page>
				<bounce_rate>100%</bounce_rate>
				<exit_rate>100%</exit_rate>
				<avg_time_generation>0.123</avg_time_generation>
				<url>http://example.org/index.htm</url>
				<segment>pageUrl==http%253A%252F%252Fexample.org%252Findex.htm</segment>
			</row>
			<row>
				<label>/products</label>
				<nb_visits>1</nb_visits>
				<nb_hits>1</nb_hits>
				<sum_time_spent>0</sum_time_spent>
				<nb_hits_with_time_generation>1</nb_hits_with_time_generation>
				<min_time_generation>0.153</min_time_generation>
				<max_time_generation>0.153</max_time_generation>
				<nb_hits_with_time_latency>1</nb_hits_with_time_latency>
				<min_time_latency>0.3050</min_time_latency>
				<max_time_latency>0.3050</max_time_latency>
				<nb_hits_with_time_transfer>1</nb_hits_with_time_transfer>
				<min_time_transfer>0.4400</min_time_transfer>
				<max_time_transfer>0.4400</max_time_transfer>
				<nb_hits_with_time_dom_processing>1</nb_hits_with_time_dom_processing>
				<min_time_dom_processing>1.1590</min_time_dom_processing>
				<max_time_dom_processing>1.1590</max_time_dom_processing>
				<nb_hits_with_time_dom_completion>1</nb_hits_with_time_dom_completion>
				<min_time_dom_completion>0.3560</min_time_dom_completion>
				<max_time_dom_completion>0.3560</max_time_dom_completion>
				<nb_hits_with_time_on_load>1</nb_hits_with_time_on_load>
				<min_time_on_load>0.4400</min_time_on_load>
				<max_time_on_load>0.4400</max_time_on_load>
				<sum_bandwidth>0</sum_bandwidth>
				<nb_hits_with_bandwidth>0</nb_hits_with_bandwidth>
				<min_bandwidth />
				<max_bandwidth />
				<entry_nb_visits>1</entry_nb_visits>
				<entry_nb_actions>1</entry_nb_actions>
				<entry_sum_visit_length>0</entry_sum_visit_length>
				<entry_bounce_count>1</entry_bounce_count>
				<exit_nb_visits>1</exit_nb_visits>
				<sum_daily_nb_uniq_visitors>1</sum_daily_nb_uniq_visitors>
				<sum_daily_entry_nb_uniq_visitors>1</sum_daily_entry_nb_uniq_visitors>
				<sum_daily_exit_nb_uniq_visitors>1</sum_daily_exit_nb_uniq_visitors>
				<avg_bandwidth>0</avg_bandwidth>
				<avg_time_latency>0.305</avg_time_latency>
				<avg_time_transfer>0.44</avg_time_transfer>
				<avg_time_dom_processing>1.159</avg_time_dom_processing>
				<avg_time_dom_completion>0.356</avg_time_dom_completion>
				<avg_time_on_load>0.44</avg_time_on_load>
				<avg_page_load_time>2.7</avg_page_load_time>
				<avg_time_on_page>0</avg_time_on_page>
				<bounce_rate>100%</bounce_rate>
				<exit_rate>100%</exit_rate>
				<avg_time_generation>0.153</avg_time_generation>
				<url>http://example.org/products</url>
				<segment>pageUrl==http%253A%252F%252Fexample.org%252Fproducts</segment>
			</row>
		</result>
		<result date="2010-01-04,2010-01-10">
			<row>
				<label>Page URL not defined</label>
				<nb_visits>7</nb_visits>
				<nb_hits>13</nb_hits>
				<sum_time_spent>0</sum_time_spent>
				<nb_hits_with_time_generation>1</nb_hits_with_time_generation>
				<min_time_generation>0.223</min_time_generation>
				<max_time_generation>0.223</max_time_generation>
				<nb_hits_with_time_latency>13</nb_hits_with_time_latency>
				<min_time_latency>1.422</min_time_latency>
				<max_time_latency>1.422</max_time_latency>
				<nb_hits_with_time_transfer>13</nb_hits_with_time_transfer>
				<min_time_transfer>2.069</min_time_transfer>
				<max_time_transfer>2.069</max_time_transfer>
				<nb_hits_with_time_dom_processing>13</nb_hits_with_time_dom_processing>
				<min_time_dom_processing>7.003</min_time_dom_processing>
				<max_time_dom_processing>7.003</max_time_dom_processing>
				<nb_hits_with_time_dom_completion>13</nb_hits_with_time_dom_completion>
				<min_time_dom_completion>1.397</min_time_dom_completion>
				<max_time_dom_completion>1.397</max_time_dom_completion>
				<nb_hits_with_time_on_load>13</nb_hits_with_time_on_load>
				<min_time_on_load>2.095</min_time_on_load>
				<max_time_on_load>2.095</max_time_on_load>
				<sum_bandwidth>0</sum_bandwidth>
				<nb_hits_with_bandwidth>0</nb_hits_with_bandwidth>
				<min_bandwidth />
				<max_bandwidth />
				<sum_daily_nb_uniq_visitors>7</sum_daily_nb_uniq_visitors>
				<avg_bandwidth>0</avg_bandwidth>
				<avg_time_latency>0.201</avg_time_latency>
				<avg_time_transfer>0.293</avg_time_transfer>
				<avg_time_dom_processing>0.999</avg_time_dom_processing>
				<avg_time_dom_completion>0.199</avg_time_dom_completion>
				<avg_time_on_load>0.299</avg_time_on_load>
				<avg_page_load_time>1.991</avg_page_load_time>
				<avg_time_on_page>0</avg_time_on_page>
				<bounce_rate>0%</bounce_rate>
				<exit_rate>0%</exit_rate>
				<avg_time_generation>0.223</avg_time_generation>
				<url />
				<segment>pageUrl=^http%253A%252F%252Fpiwik.net%252FPage%2BURL%2Bnot%2Bdefined</segment>
			</row>
			<row>
				<label>/index.htm</label>
				<nb_visits>6</nb_visits>
				<nb_hits>6</nb_hits>
				<sum_time_spent>2160</sum_time_spent>
				<nb_hits_with_time_generation>6</nb_hits_with_time_generation>
				<min_time_generation>0.323</min_time_generation>
				<max_time_generation>0.323</max_time_generation>
				<nb_hits_with_time_latency>6</nb_hits_with_time_latency>
				<min_time_latency>1.608</min_time_latency>
				<max_time_latency>1.608</max_time_latency>
				<nb_hits_with_time_transfer>6</nb_hits_with_time_transfer>
				<min_time_transfer>2.136</min_time_transfer>
				<max_time_transfer>2.136</max_time_transfer>
				<nb_hits_with_time_dom_processing>6</nb_hits_with_time_dom_processing>
				<min_time_dom_processing>6.15</min_time_dom_processing>
				<max_time_dom_processing>6.15</max_time_dom_processing>
				<nb_hits_with_time_dom_completion>6</nb_hits_with_time_dom_completion>
				<min_time_dom_completion>1.776</min_time_dom_completion>
				<max_time_dom_completion>1.776</max_time_dom_completion>
				<nb_hits_with_time_on_load>6</nb_hits_with_time_on_load>
				<min_time_on_load>2.01</min_time_on_load>
				<max_time_on_load>2.01</max_time_on_load>
				<sum_bandwidth>0</sum_bandwidth>
				<nb_hits_with_bandwidth>0</nb_hits_with_bandwidth>
				<min_bandwidth />
				<max_bandwidth />
				<entry_nb_visits>6</entry_nb_visits>
				<entry_nb_actions>30</entry_nb_actions>
				<entry_sum_visit_length>5406</entry_sum_visit_length>
				<entry_bounce_count>0</entry_bounce_count>
				<sum_daily_nb_uniq_visitors>6</sum_daily_nb_uniq_visitors>
				<sum_daily_entry_nb_uniq_visitors>6</sum_daily_entry_nb_uniq_visitors>
				<avg_bandwidth>0</avg_bandwidth>
				<avg_time_latency>0.268</avg_time_latency>
				<avg_time_transfer>0.356</avg_time_transfer>
				<avg_time_dom_processing>1.025</avg_time_dom_processing>
				<avg_time_dom_completion>0.296</avg_time_dom_completion>
				<avg_time_on_load>0.335</avg_time_on_load>
				<avg_page_load_time>2.28</avg_page_load_time>
				<avg_time_on_page>360</avg_time_on_page>
				<bounce_rate>0%</bounce_rate>
				<exit_rate>0%</exit_rate>
				<avg_time_generation>0.323</avg_time_generation>
				<url>http://example.org/index.htm</url>
				<segment>pageUrl==http%253A%252F%252Fexample.org%252Findex.htm</segment>
			</row>
			<row>
				<label>/thankyou</label>
				<nb_visits>6</nb_visits>
				<nb_hits>12</nb_hits>
				<sum_time_spent>3240</sum_time_spent>
				<nb_hits_with_time_generation>12</nb_hits_with_time_generation>
				<min_time_generation>0.173</min_time_generation>
				<max_time_generation>0.452</max_time_generation>
				<nb_hits_with_time_latency>12</nb_hits_with_time_latency>
				<min_time_latency>1.194</min_time_latency>
				<max_time_latency>2.136</max_time_latency>
				<nb_hits_with_time_transfer>12</nb_hits_with_time_transfer>
				<min_time_transfer>1.734</min_time_transfer>
				<max_time_transfer>2.712</max_time_transfer>
				<nb_hits_with_time_dom_processing>12</nb_hits_with_time_dom_processing>
				<min_time_dom_processing>5.988</min_time_dom_processing>
				<max_time_dom_processing>8.994</max_time_dom_processing>
				<nb_hits_with_time_dom_completion>12</nb_hits_with_time_dom_completion>
				<min_time_dom_completion>1.188</min_time_dom_completion>
				<max_time_dom_completion>2.136</max_time_dom_completion>
				<nb_hits_with_time_on_load>12</nb_hits_with_time_on_load>
				<min_time_on_load>1.614</min_time_on_load>
				<max_time_on_load>1.794</max_time_on_load>
				<sum_bandwidth>0</sum_bandwidth>
				<nb_hits_with_bandwidth>0</nb_hits_with_bandwidth>
				<min_bandwidth />
				<max_bandwidth />
				<exit_nb_visits>6</exit_nb_visits>
				<sum_daily_nb_uniq_visitors>6</sum_daily_nb_uniq_visitors>
				<sum_daily_exit_nb_uniq_visitors>6</sum_daily_exit_nb_uniq_visitors>
				<avg_bandwidth>0</avg_bandwidth>
				<avg_time_latency>0.278</avg_time_latency>
				<avg_time_transfer>0.371</avg_time_transfer>
				<avg_time_dom_processing>1.249</avg_time_dom_processing>
				<avg_time_dom_completion>0.277</avg_time_dom_completion>
				<avg_time_on_load>0.284</avg_time_on_load>
				<avg_page_load_time>2.459</avg_page_load_time>
				<avg_time_on_page>270</avg_time_on_page>
				<bounce_rate>0%</bounce_rate>
				<exit_rate>100%</exit_rate>
				<avg_time_generation>0.313</avg_time_generation>
				<url>http://example.org/thankyou</url>
				<segment>pageUrl==http%253A%252F%252Fexample.org%252Fthankyou</segment>
			</row>
		</result>
		<result date="2010-01-11,2010-01-17">
			<row>
				<label>/index.htm</label>
				<nb_visits>2</nb_visits>
				<nb_hits>2</nb_hits>
				<sum_time_spent>720</sum_time_spent>
				<nb_hits_with_time_generation>2</nb_hits_with_time_generation>
				<min_time_generation>0.323</min_time_generation>
				<max_time_generation>0.323</max_time_generation>
				<nb_hits_with_time_latency>2</nb_hits_with_time_latency>
				<min_time_latency>0.536</min_time_latency>
				<max_time_latency>0.536</max_time_latency>
				<nb_hits_with_time_transfer>2</nb_hits_with_time_transfer>
				<min_time_transfer>0.712</min_time_transfer>
				<max_time_transfer>0.712</max_time_transfer>
				<nb_hits_with_time_dom_processing>2</nb_hits_with_time_dom_processing>
				<min_time_dom_processing>2.05</min_time_dom_processing>
				<max_time_dom_processing>2.05</max_time_dom_processing>
				<nb_hits_with_time_dom_completion>2</nb_hits_with_time_dom_completion>
				<min_time_dom_completion>0.592</min_time_dom_completion>
				<max_time_dom_completion>0.592</max_time_dom_completion>
				<nb_hits_with_time_on_load>2</nb_hits_with_time_on_load>
				<min_time_on_load>0.67</min_time_on_load>
				<max_time_on_load>0.67</max_time_on_load>
				<sum_bandwidth>0</sum_bandwidth>
				<nb_hits_with_bandwidth>0</nb_hits_with_bandwidth>
				<min_bandwidth />
				<max_bandwidth />
				<entry_nb_visits>2</entry_nb_visits>
				<entry_nb_actions>10</entry_nb_actions>
				<entry_sum_visit_length>1802</entry_sum_visit_length>
				<entry_bounce_count>0</entry_bounce_count>
				<sum_daily_nb_uniq_visitors>2</sum_daily_nb_uniq_visitors>
				<sum_daily_entry_nb_uniq_visitors>2</sum_daily_entry_nb_uniq_visitors>
				<avg_bandwidth>0</avg_bandwidth>
				<avg_time_latency>0.268</avg_time_latency>
				<avg_time_transfer>0.356</avg_time_transfer>
				<avg_time_dom_processing>1.025</avg_time_dom_processing>
				<avg_time_dom_completion>0.296</avg_time_dom_completion>
				<avg_time_on_load>0.335</avg_time_on_load>
				<avg_page_load_time>2.28</avg_page_load_time>
				<avg_time_on_page>360</avg_time_on_page>
				<bounce_rate>0%</bounce_rate>
				<exit_rate>0%</exit_rate>
				<avg_time_generation>0.323</avg_time_generation>
				<url>http://example.org/index.htm</url>
				<segment>pageUrl==http%253A%252F%252Fexample.org%252Findex.htm</segment>
			</row>
			<row>
				<label>/thankyou</label>
				<nb_visits>2</nb_visits>
				<nb_hits>4</nb_hits>
				<sum_time_spent>1080</sum_time_spent>
				<nb_hits_with_time_generation>4</nb_hits_with_time_generation>
				<min_time_generation>0.173</min_time_generation>
				<max_time_generation>0.452</max_time_generation>
				<nb_hits_with_time_latency>4</nb_hits_with_time_latency>
				<min_time_latency>0.398</min_time_latency>
				<max_time_latency>0.712</max_time_latency>
				<nb_hits_with_time_transfer>4</nb_hits_with_time_transfer>
				<min_time_transfer>0.578</min_time_transfer>
				<max_time_transfer>0.904</max_time_transfer>
				<nb_hits_with_time_dom_processing>4</nb_hits_with_time_dom_processing>
				<min_time_dom_processing>1.996</min_time_dom_processing>
				<max_time_dom_processing>2.998</max_time_dom_processing>
				<nb_hits_with_time_dom_completion>4</nb_hits_with_time_dom_completion>
				<min_time_dom_completion>0.396</min_time_dom_completion>
				<max_time_dom_completion>0.712</max_time_dom_completion>
				<nb_hits_with_time_on_load>4</nb_hits_with_time_on_load>
				<min_time_on_load>0.538</min_time_on_load>
				<max_time_on_load>0.598</max_time_on_load>
				<sum_bandwidth>0</sum_bandwidth>
				<nb_hits_with_bandwidth>0</nb_hits_with_bandwidth>
				<min_bandwidth />
				<max_bandwidth />
				<exit_nb_visits>2</exit_nb_visits>
				<sum_daily_nb_uniq_visitors>2</sum_daily_nb_uniq_visitors>
				<sum_daily_exit_nb_uniq_visitors>2</sum_daily_exit_nb_uniq_visitors>
				<avg_bandwidth>0</avg_bandwidth>
				<avg_time_latency>0.278</avg_time_latency>
				<avg_time_transfer>0.371</avg_time_transfer>
				<avg_time_dom_processing>1.249</avg_time_dom_processing>
				<avg_time_dom_completion>0.277</avg_time_dom_completion>
				<avg_time_on_load>0.284</avg_time_on_load>
				<avg_page_load_time>2.459</avg_page_load_time>
				<avg_time_on_page>270</avg_time_on_page>
				<bounce_rate>0%</bounce_rate>
				<exit_rate>100%</exit_rate>
				<avg_time_generation>0.313</avg_time_generation>
				<url>http://example.org/thankyou</url>
				<segment>pageUrl==http%253A%252F%252Fexample.org%252Fthankyou</segment>
			</row>
			<row>
				<label>Page URL not defined</label>
				<nb_visits>2</nb_visits>
				<nb_hits>4</nb_hits>
				<sum_time_spent>0</sum_time_spent>
				<nb_hits_with_time_generation>0</nb_hits_with_time_generation>
				<min_time_generation />
				<max_time_generation>0</max_time_generation>
				<nb_hits_with_time_latency>4</nb_hits_with_time_latency>
				<min_time_latency>0.398</min_time_latency>
				<max_time_latency>0.398</max_time_latency>
				<nb_hits_with_time_transfer>4</nb_hits_with_time_transfer>
				<min_time_transfer>0.578</min_time_transfer>
				<max_time_transfer>0.578</max_time_transfer>
				<nb_hits_with_time_dom_processing>4</nb_hits_with_time_dom_processing>
				<min_time_dom_processing>1.996</min_time_dom_processing>
				<max_time_dom_processing>1.996</max_time_dom_processing>
				<nb_hits_with_time_dom_completion>4</nb_hits_with_time_dom_completion>
				<min_time_dom_completion>0.396</min_time_dom_completion>
				<max_time_dom_completion>0.396</max_time_dom_completion>
				<nb_hits_with_time_on_load>4</nb_hits_with_time_on_load>
				<min_time_on_load>0.598</min_time_on_load>
				<max_time_on_load>0.598</max_time_on_load>
				<sum_bandwidth>0</sum_bandwidth>
				<nb_hits_with_bandwidth>0</nb_hits_with_bandwidth>
				<min_bandwidth />
				<max_bandwidth />
				<sum_daily_nb_uniq_visitors>2</sum_daily_nb_uniq_visitors>
				<avg_bandwidth>0</avg_bandwidth>
				<avg_time_latency>0.199</avg_time_latency>
				<avg_time_transfer>0.289</avg_time_transfer>
				<avg_time_dom_processing>0.998</avg_time_dom_processing>
				<avg_time_dom_completion>0.198</avg_time_dom_completion>
				<avg_time_on_load>0.299</avg_time_on_load>
				<avg_page_load_time>1.983</avg_page_load_time>
				<avg_time_on_page>0</avg_time_on_page>
				<bounce_rate>0%</bounce_rate>
				<exit_rate>0%</exit_rate>
				<avg_time_generation>0</avg_time_generation>
				<url />
				<segment>pageUrl=^http%253A%252F%252Fpiwik.net%252FPage%2BURL%2Bnot%2Bdefined</segment>
			</row>
		</result>
		<result date="2010-01-18,2010-01-24" />
		<result date="2010-01-25,2010-01-31" />
		<result date="2010-02-01,2010-02-07" />
		<result date="2010-02-08,2010-02-14" />
	</result>
	<result idSite="2">
		<result date="2009-12-28,2010-01-03" />
		<result date="2010-01-04,2010-01-10">
			<row>
				<label>/home#notIgnoredFragment</label>
				<nb_visits>2</nb_visits>
				<nb_hits>2</nb_hits>
				<sum_time_spent>0</sum_time_spent>
				<nb_hits_with_time_generation>2</nb_hits_with_time_generation>
				<min_time_generation>0.193</min_time_generation>
				<max_time_generation>0.503</max_time_generation>
				<sum_bandwidth>0</sum_bandwidth>
				<nb_hits_with_bandwidth>0</nb_hits_with_bandwidth>
				<min_bandwidth />
				<max_bandwidth />
				<entry_nb_visits>1</entry_nb_visits>
				<entry_nb_actions>3</entry_nb_actions>
				<entry_sum_visit_length>1</entry_sum_visit_length>
				<entry_bounce_count>0</entry_bounce_count>
				<exit_nb_visits>1</exit_nb_visits>
				<sum_daily_nb_uniq_visitors>2</sum_daily_nb_uniq_visitors>
				<sum_daily_entry_nb_uniq_visitors>1</sum_daily_entry_nb_uniq_visitors>
				<sum_daily_exit_nb_uniq_visitors>1</sum_daily_exit_nb_uniq_visitors>
				<avg_bandwidth>0</avg_bandwidth>
				<avg_page_load_time>0</avg_page_load_time>
				<avg_time_on_page>0</avg_time_on_page>
				<bounce_rate>0%</bounce_rate>
				<exit_rate>50%</exit_rate>
				<avg_time_generation>0.348</avg_time_generation>
				<url>http://example2.com/home#notIgnoredFragment</url>
				<segment>pageUrl==http%253A%252F%252Fexample2.com%252Fhome%2523notIgnoredFragment</segment>
			</row>
			<row>
				<label>Page URL not defined</label>
				<nb_visits>1</nb_visits>
				<nb_hits>1</nb_hits>
				<sum_time_spent>0</sum_time_spent>
				<nb_hits_with_time_generation>1</nb_hits_with_time_generation>
				<min_time_generation>0.203</min_time_generation>
				<max_time_generation>0.203</max_time_generation>
				<sum_bandwidth>0</sum_bandwidth>
				<nb_hits_with_bandwidth>0</nb_hits_with_bandwidth>
				<min_bandwidth />
				<max_bandwidth />
				<sum_daily_nb_uniq_visitors>1</sum_daily_nb_uniq_visitors>
				<avg_bandwidth>0</avg_bandwidth>
				<avg_page_load_time>0</avg_page_load_time>
				<avg_time_on_page>0</avg_time_on_page>
				<bounce_rate>0%</bounce_rate>
				<exit_rate>0%</exit_rate>
				<avg_time_generation>0.203</avg_time_generation>
				<url />
				<segment>pageUrl=^http%253A%252F%252Fpiwik.net%252FPage%2BURL%2Bnot%2Bdefined</segment>
			</row>
		</result>
		<result date="2010-01-11,2010-01-17" />
		<result date="2010-01-18,2010-01-24" />
		<result date="2010-01-25,2010-01-31" />
		<result date="2010-02-01,2010-02-07" />
		<result date="2010-02-08,2010-02-14" />
	</result>
</results>