<?xml version="1.0" encoding="utf-8" ?>
<results>
	<result date="2010">
		<row>
			<label>/index.htm</label>
			<nb_visits>9</nb_visits>
			<nb_hits>9</nb_hits>
			<sum_time_spent>2880</sum_time_spent>
			<nb_hits_with_time_generation>9</nb_hits_with_time_generation>
			<min_time_generation>0.123</min_time_generation>
			<max_time_generation>0.323</max_time_generation>
			<nb_hits_with_time_latency>9</nb_hits_with_time_latency>
			<min_time_latency>2.372</min_time_latency>
			<max_time_latency>2.372</max_time_latency>
			<nb_hits_with_time_transfer>9</nb_hits_with_time_transfer>
			<min_time_transfer>3.183</min_time_transfer>
			<max_time_transfer>3.183</max_time_transfer>
			<nb_hits_with_time_dom_processing>9</nb_hits_with_time_dom_processing>
			<min_time_dom_processing>9.215</min_time_dom_processing>
			<max_time_dom_processing>9.215</max_time_dom_processing>
			<nb_hits_with_time_dom_completion>9</nb_hits_with_time_dom_completion>
			<min_time_dom_completion>2.577</min_time_dom_completion>
			<max_time_dom_completion>2.577</max_time_dom_completion>
			<nb_hits_with_time_on_load>9</nb_hits_with_time_on_load>
			<min_time_on_load>2.981</min_time_on_load>
			<max_time_on_load>2.981</max_time_on_load>
			<sum_bandwidth>0</sum_bandwidth>
			<nb_hits_with_bandwidth>0</nb_hits_with_bandwidth>
			<min_bandwidth />
			<max_bandwidth />
			<entry_nb_visits>9</entry_nb_visits>
			<entry_nb_actions>41</entry_nb_actions>
			<entry_sum_visit_length>7208</entry_sum_visit_length>
			<entry_bounce_count>1</entry_bounce_count>
			<exit_nb_visits>1</exit_nb_visits>
			<sum_daily_nb_uniq_visitors>9</sum_daily_nb_uniq_visitors>
			<sum_daily_entry_nb_uniq_visitors>9</sum_daily_entry_nb_uniq_visitors>
			<sum_daily_exit_nb_uniq_visitors>1</sum_daily_exit_nb_uniq_visitors>
			<avg_bandwidth>0</avg_bandwidth>
			<avg_time_latency>0.264</avg_time_latency>
			<avg_time_transfer>0.354</avg_time_transfer>
			<avg_time_dom_processing>1.024</avg_time_dom_processing>
			<avg_time_dom_completion>0.286</avg_time_dom_completion>
			<avg_time_on_load>0.331</avg_time_on_load>
			<avg_page_load_time>2.259</avg_page_load_time>
			<avg_time_on_page>320</avg_time_on_page>
			<bounce_rate>11%</bounce_rate>
			<exit_rate>11%</exit_rate>
			<avg_time_generation>0.301</avg_time_generation>
			<url>http://example.org/index.htm</url>
			<segment>pageUrl==http%253A%252F%252Fexample.org%252Findex.htm</segment>
		</row>
		<row>
			<label>Page URL not defined</label>
			<nb_visits>9</nb_visits>
			<nb_hits>17</nb_hits>
			<sum_time_spent>0</sum_time_spent>
			<nb_hits_with_time_generation>1</nb_hits_with_time_generation>
			<min_time_generation>0.223</min_time_generation>
			<max_time_generation>0.223</max_time_generation>
			<nb_hits_with_time_latency>17</nb_hits_with_time_latency>
			<min_time_latency>1.82</min_time_latency>
			<max_time_latency>1.82</max_time_latency>
			<nb_hits_with_time_transfer>17</nb_hits_with_time_transfer>
			<min_time_transfer>2.647</min_time_transfer>
			<max_time_transfer>2.647</max_time_transfer>
			<nb_hits_with_time_dom_processing>17</nb_hits_with_time_dom_processing>
			<min_time_dom_processing>8.999</min_time_dom_processing>
			<max_time_dom_processing>8.999</max_time_dom_processing>
			<nb_hits_with_time_dom_completion>17</nb_hits_with_time_dom_completion>
			<min_time_dom_completion>1.793</min_time_dom_completion>
			<max_time_dom_completion>1.793</max_time_dom_completion>
			<nb_hits_with_time_on_load>17</nb_hits_with_time_on_load>
			<min_time_on_load>2.693</min_time_on_load>
			<max_time_on_load>2.693</max_time_on_load>
			<sum_bandwidth>0</sum_bandwidth>
			<nb_hits_with_bandwidth>0</nb_hits_with_bandwidth>
			<min_bandwidth />
			<max_bandwidth />
			<sum_daily_nb_uniq_visitors>9</sum_daily_nb_uniq_visitors>
			<avg_bandwidth>0</avg_bandwidth>
			<avg_time_latency>0.201</avg_time_latency>
			<avg_time_transfer>0.292</avg_time_transfer>
			<avg_time_dom_processing>0.999</avg_time_dom_processing>
			<avg_time_dom_completion>0.199</avg_time_dom_completion>
			<avg_time_on_load>0.299</avg_time_on_load>
			<avg_page_load_time>1.99</avg_page_load_time>
			<avg_time_on_page>0</avg_time_on_page>
			<bounce_rate>0%</bounce_rate>
			<exit_rate>0%</exit_rate>
			<avg_time_generation>0.223</avg_time_generation>
			<url />
			<segment>pageUrl=^http%253A%252F%252Fpiwik.net%252FPage%2BURL%2Bnot%2Bdefined</segment>
		</row>
		<row>
			<label>/thankyou</label>
			<nb_visits>8</nb_visits>
			<nb_hits>16</nb_hits>
			<sum_time_spent>4320</sum_time_spent>
			<nb_hits_with_time_generation>16</nb_hits_with_time_generation>
			<min_time_generation>0.173</min_time_generation>
			<max_time_generation>0.452</max_time_generation>
			<nb_hits_with_time_latency>16</nb_hits_with_time_latency>
			<min_time_latency>1.592</min_time_latency>
			<max_time_latency>2.848</max_time_latency>
			<nb_hits_with_time_transfer>16</nb_hits_with_time_transfer>
			<min_time_transfer>2.312</min_time_transfer>
			<max_time_transfer>3.616</max_time_transfer>
			<nb_hits_with_time_dom_processing>16</nb_hits_with_time_dom_processing>
			<min_time_dom_processing>7.984</min_time_dom_processing>
			<max_time_dom_processing>11.992</max_time_dom_processing>
			<nb_hits_with_time_dom_completion>16</nb_hits_with_time_dom_completion>
			<min_time_dom_completion>1.584</min_time_dom_completion>
			<max_time_dom_completion>2.848</max_time_dom_completion>
			<nb_hits_with_time_on_load>16</nb_hits_with_time_on_load>
			<min_time_on_load>2.152</min_time_on_load>
			<max_time_on_load>2.392</max_time_on_load>
			<sum_bandwidth>0</sum_bandwidth>
			<nb_hits_with_bandwidth>0</nb_hits_with_bandwidth>
			<min_bandwidth />
			<max_bandwidth />
			<exit_nb_visits>8</exit_nb_visits>
			<sum_daily_nb_uniq_visitors>8</sum_daily_nb_uniq_visitors>
			<sum_daily_exit_nb_uniq_visitors>8</sum_daily_exit_nb_uniq_visitors>
			<avg_bandwidth>0</avg_bandwidth>
			<avg_time_latency>0.278</avg_time_latency>
			<avg_time_transfer>0.371</avg_time_transfer>
			<avg_time_dom_processing>1.249</avg_time_dom_processing>
			<avg_time_dom_completion>0.277</avg_time_dom_completion>
			<avg_time_on_load>0.284</avg_time_on_load>
			<avg_page_load_time>2.459</avg_page_load_time>
			<avg_time_on_page>270</avg_time_on_page>
			<bounce_rate>0%</bounce_rate>
			<exit_rate>100%</exit_rate>
			<avg_time_generation>0.313</avg_time_generation>
			<url>http://example.org/thankyou</url>
			<segment>pageUrl==http%253A%252F%252Fexample.org%252Fthankyou</segment>
		</row>
		<row>
			<label>/products</label>
			<nb_visits>1</nb_visits>
			<nb_hits>1</nb_hits>
			<sum_time_spent>0</sum_time_spent>
			<nb_hits_with_time_generation>1</nb_hits_with_time_generation>
			<min_time_generation>0.153</min_time_generation>
			<max_time_generation>0.153</max_time_generation>
			<nb_hits_with_time_latency>1</nb_hits_with_time_latency>
			<min_time_latency>0.3050</min_time_latency>
			<max_time_latency>0.3050</max_time_latency>
			<nb_hits_with_time_transfer>1</nb_hits_with_time_transfer>
			<min_time_transfer>0.4400</min_time_transfer>
			<max_time_transfer>0.4400</max_time_transfer>
			<nb_hits_with_time_dom_processing>1</nb_hits_with_time_dom_processing>
			<min_time_dom_processing>1.1590</min_time_dom_processing>
			<max_time_dom_processing>1.1590</max_time_dom_processing>
			<nb_hits_with_time_dom_completion>1</nb_hits_with_time_dom_completion>
			<min_time_dom_completion>0.3560</min_time_dom_completion>
			<max_time_dom_completion>0.3560</max_time_dom_completion>
			<nb_hits_with_time_on_load>1</nb_hits_with_time_on_load>
			<min_time_on_load>0.4400</min_time_on_load>
			<max_time_on_load>0.4400</max_time_on_load>
			<sum_bandwidth>0</sum_bandwidth>
			<nb_hits_with_bandwidth>0</nb_hits_with_bandwidth>
			<min_bandwidth />
			<max_bandwidth />
			<entry_nb_visits>1</entry_nb_visits>
			<entry_nb_actions>1</entry_nb_actions>
			<entry_sum_visit_length>0</entry_sum_visit_length>
			<entry_bounce_count>1</entry_bounce_count>
			<exit_nb_visits>1</exit_nb_visits>
			<sum_daily_nb_uniq_visitors>1</sum_daily_nb_uniq_visitors>
			<sum_daily_entry_nb_uniq_visitors>1</sum_daily_entry_nb_uniq_visitors>
			<sum_daily_exit_nb_uniq_visitors>1</sum_daily_exit_nb_uniq_visitors>
			<avg_bandwidth>0</avg_bandwidth>
			<avg_time_latency>0.305</avg_time_latency>
			<avg_time_transfer>0.44</avg_time_transfer>
			<avg_time_dom_processing>1.159</avg_time_dom_processing>
			<avg_time_dom_completion>0.356</avg_time_dom_completion>
			<avg_time_on_load>0.44</avg_time_on_load>
			<avg_page_load_time>2.7</avg_page_load_time>
			<avg_time_on_page>0</avg_time_on_page>
			<bounce_rate>100%</bounce_rate>
			<exit_rate>100%</exit_rate>
			<avg_time_generation>0.153</avg_time_generation>
			<url>http://example.org/products</url>
			<segment>pageUrl==http%253A%252F%252Fexample.org%252Fproducts</segment>
		</row>
	</result>
	<result date="2011" />
	<result date="2012" />
	<result date="2013" />
	<result date="2014" />
	<result date="2015" />
	<result date="2016" />
</results>